[codepeoples.com/tanimdesign.net/thsop-v-1.3/white/assets/ico/apple-touch-icon-144-precomposed.png]
[codepeoples.com/tanimdesign.net/thsop-v-1.3/white/assets/ico/apple-touch-icon-114-precomposed.png]
[codepeoples.com/tanimdesign.net/thsop-v-1.3/white/assets/ico/apple-touch-icon-72-precomposed.png]
[codepeoples.com/tanimdesign.net/thsop-v-1.3/white/assets/ico/favicon.png]
[backblue.gif]
[fade.gif]
[index.html]
[codepeoples.com/tanimdesign.net/thsop-v-1.3/white/images/logo.png]
[codepeoples.com/tanimdesign.net/thsop-v-1.3/white/images/product/3.jpg]
[codepeoples.com/tanimdesign.net/thsop-v-1.3/white/images/product/2.jpg]
[codepeoples.com/tanimdesign.net/thsop-v-1.3/white/images/product/5.jpg]
[codepeoples.com/tanimdesign.net/thsop-v-1.3/white/images/product/4.jpg]
[codepeoples.com/tanimdesign.net/thsop-v-1.3/white/images/site/promo1.jpg]
[codepeoples.com/tanimdesign.net/thsop-v-1.3/white/images/site/promo2.jpg]
[codepeoples.com/tanimdesign.net/thsop-v-1.3/white/images/site/promo3.jpg]
[codepeoples.com/tanimdesign.net/thsop-v-1.3/white/images/site/g4.jpg]
[codepeoples.com/tanimdesign.net/thsop-v-1.3/white/images/site/g5.jpg]
[codepeoples.com/tanimdesign.net/thsop-v-1.3/white/images/site/winter.jpg]
[codepeoples.com/tanimdesign.net/thsop-v-1.3/white/images/slider/slider0.jpg]
[codepeoples.com/tanimdesign.net/thsop-v-1.3/white/images/slider/slider1.jpg]
[codepeoples.com/tanimdesign.net/thsop-v-1.3/white/images/slider/slider3.jpg]
[codepeoples.com/tanimdesign.net/thsop-v-1.3/white/images/slider/slider4.jpg]
[codepeoples.com/tanimdesign.net/thsop-v-1.3/white/images/slider/color.png]
[codepeoples.com/tanimdesign.net/thsop-v-1.3/white/images/slider/6.jpg]
[codepeoples.com/tanimdesign.net/thsop-v-1.3/white/images/product/34.jpg]
[codepeoples.com/tanimdesign.net/thsop-v-1.3/white/images/product/30.jpg]
[codepeoples.com/tanimdesign.net/thsop-v-1.3/white/images/product/36.jpg]
[codepeoples.com/tanimdesign.net/thsop-v-1.3/white/images/product/9.jpg]
[codepeoples.com/tanimdesign.net/thsop-v-1.3/white/images/product/12.jpg]
[codepeoples.com/tanimdesign.net/thsop-v-1.3/white/images/product/13.jpg]
[codepeoples.com/tanimdesign.net/thsop-v-1.3/white/images/product/21.jpg]
[codepeoples.com/tanimdesign.net/thsop-v-1.3/white/images/product/24.jpg]
[codepeoples.com/tanimdesign.net/thsop-v-1.3/white/images/product/15.jpg]
[codepeoples.com/tanimdesign.net/thsop-v-1.3/white/images/product/31.jpg]
[codepeoples.com/tanimdesign.net/thsop-v-1.3/white/images/product/33.jpg]
[codepeoples.com/tanimdesign.net/thsop-v-1.3/white/images/product/10.jpg]
[codepeoples.com/tanimdesign.net/thsop-v-1.3/white/images/product/37.jpg]
[codepeoples.com/tanimdesign.net/thsop-v-1.3/white/images/product/35.jpg]
[codepeoples.com/tanimdesign.net/thsop-v-1.3/white/images/product/14.jpg]
[codepeoples.com/tanimdesign.net/thsop-v-1.3/white/images/product/17.jpg]
[codepeoples.com/tanimdesign.net/thsop-v-1.3/white/images/site/new-collection-1.jpg]
[codepeoples.com/tanimdesign.net/thsop-v-1.3/white/images/site/new-collection-2.jpg]
[codepeoples.com/tanimdesign.net/thsop-v-1.3/white/images/site/new-collection-3.jpg]
[codepeoples.com/tanimdesign.net/thsop-v-1.3/white/images/site/new-collection-4.jpg]
[codepeoples.com/tanimdesign.net/thsop-v-1.3/white/images/brand/1.gif]
[codepeoples.com/tanimdesign.net/thsop-v-1.3/white/images/brand/2.png]
[codepeoples.com/tanimdesign.net/thsop-v-1.3/white/images/brand/3.png]
[codepeoples.com/tanimdesign.net/thsop-v-1.3/white/images/brand/4.png]
[codepeoples.com/tanimdesign.net/thsop-v-1.3/white/images/brand/5.png]
[codepeoples.com/tanimdesign.net/thsop-v-1.3/white/images/brand/6.png]
[codepeoples.com/tanimdesign.net/thsop-v-1.3/white/images/brand/7.png]
[codepeoples.com/tanimdesign.net/thsop-v-1.3/white/images/brand/8.png]
[codepeoples.com/tanimdesign.net/thsop-v-1.3/white/images/zoom/zoom1.jpg]
[codepeoples.com/tanimdesign.net/thsop-v-1.3/white/images/zoom/zoom2.jpg]
[codepeoples.com/tanimdesign.net/thsop-v-1.3/white/images/zoom/zoom3.jpg]
[codepeoples.com/tanimdesign.net/thsop-v-1.3/white/images/site/payment/master_card.png]
[codepeoples.com/tanimdesign.net/thsop-v-1.3/white/images/site/payment/paypal.png]
[codepeoples.com/tanimdesign.net/thsop-v-1.3/white/images/site/payment/american_express_card.png]
[codepeoples.com/tanimdesign.net/thsop-v-1.3/white/images/site/payment/discover_network_card.png]
[codepeoples.com/tanimdesign.net/thsop-v-1.3/white/images/site/payment/google_wallet.png]
[codepeoples.com/tanimdesign.net/thsop-v-1.3/white/index.html]
[codepeoples.com/tanimdesign.net/thsop-v-1.3/white/ico/apple-touch-icon-57-precomposed.html]
[codepeoples.com/tanimdesign.net/thsop-v-1.3/white/assets/bootstrap/fonts/glyphicons-halflings-regular.eot]
[codepeoples.com/tanimdesign.net/thsop-v-1.3/white/assets/bootstrap/fonts/glyphicons-halflings-regular.woff]
[codepeoples.com/tanimdesign.net/thsop-v-1.3/white/assets/bootstrap/fonts/glyphicons-halflings-regulard41d.eot]
[codepeoples.com/tanimdesign.net/thsop-v-1.3/white/assets/bootstrap/fonts/glyphicons-halflings-regular.ttf]
[codepeoples.com/tanimdesign.net/thsop-v-1.3/white/assets/bootstrap/css/bootstrap.css]
[codepeoples.com/tanimdesign.net/thsop-v-1.3/white/assets/css/skin-1.css]
[codepeoples.com/tanimdesign.net/thsop-v-1.3/white/images/arrows.png]
[codepeoples.com/tanimdesign.net/thsop-v-1.3/white/images/site/loading1.gif]
[codepeoples.com/tanimdesign.net/thsop-v-1.3/white/images/parallax/parallax.jpg]
[codepeoples.com/tanimdesign.net/thsop-v-1.3/white/images/parallax/people-collage.jpg]
[codepeoples.com/tanimdesign.net/thsop-v-1.3/white/images/site/about-bg.jpg]
[codepeoples.com/tanimdesign.net/thsop-v-1.3/white/images/site/modal-img-1.jpg]
[codepeoples.com/tanimdesign.net/thsop-v-1.3/white/assets/css/style.css]
[codepeoples.com/tanimdesign.net/thsop-v-1.3/white/assets/css/animate.min.css]
[codepeoples.com/tanimdesign.net/thsop-v-1.3/white/assets/css/grabbing.png]
[codepeoples.com/tanimdesign.net/thsop-v-1.3/white/assets/css/owl.carousel.css]
[codepeoples.com/tanimdesign.net/thsop-v-1.3/white/assets/css/AjaxLoader.gif]
[codepeoples.com/tanimdesign.net/thsop-v-1.3/white/assets/css/owl.theme.css]
[codepeoples.com/tanimdesign.net/thsop-v-1.3/white/assets/css/ion.checkRadio.css]
[codepeoples.com/tanimdesign.net/thsop-v-1.3/white/images/icr-cloudy-skin.png]
[codepeoples.com/tanimdesign.net/thsop-v-1.3/white/assets/css/ion.checkRadio.cloudy.css]
[codepeoples.com/tanimdesign.net/thsop-v-1.3/white/assets/css/mCSB_buttons.png]
[codepeoples.com/tanimdesign.net/thsop-v-1.3/white/assets/css/jquery.mCustomScrollbar.css]
[codepeoples.com/tanimdesign.net/thsop-v-1.3/white/assets/js/pace.min.js]
[codepeoples.com/tanimdesign.net/thsop-v-1.3/white/assets/css/skin-8.css]
[codepeoples.com/tanimdesign.net/thsop-v-1.3/white/assets/css/skin-2.css]
[codepeoples.com/tanimdesign.net/thsop-v-1.3/white/assets/css/skin-3.css]
[codepeoples.com/tanimdesign.net/thsop-v-1.3/white/assets/css/skin-4.css]
[codepeoples.com/tanimdesign.net/thsop-v-1.3/white/assets/css/skin-5.css]
[codepeoples.com/tanimdesign.net/thsop-v-1.3/white/assets/css/skin-7.css]
[codepeoples.com/tanimdesign.net/thsop-v-1.3/white/assets/css/skin-9.css]
[codepeoples.com/tanimdesign.net/thsop-v-1.3/white/assets/css/skin-10.css]
[codepeoples.com/tanimdesign.net/thsop-v-1.3/white/assets/css/skin-11.css]
[codepeoples.com/tanimdesign.net/thsop-v-1.3/white/assets/css/skin-6.css]
[codepeoples.com/tanimdesign.net/thsop-v-1.3/white/forgot-password.html]
[codepeoples.com/tanimdesign.net/thsop-v-1.3/white/account-1.html]
[codepeoples.com/tanimdesign.net/thsop-v-1.3/white/images/zoom/zoom1hi.jpg]
[codepeoples.com/tanimdesign.net/thsop-v-1.3/white/images/zoom/zoom2hi.jpg]
[codepeoples.com/tanimdesign.net/thsop-v-1.3/white/images/zoom/zoom3hi.jpg]
[codepeoples.com/tanimdesign.net/thsop-v-1.3/white/images/product/a1.jpg]
[codepeoples.com/tanimdesign.net/thsop-v-1.3/white/images/product/a2.jpg]
[codepeoples.com/tanimdesign.net/thsop-v-1.3/white/images/product/a3.jpg]
[codepeoples.com/tanimdesign.net/thsop-v-1.3/white/images/product/a4.jpg]
[codepeoples.com/tanimdesign.net/thsop-v-1.3/white/images/product/a5.jpg]
[codepeoples.com/tanimdesign.net/thsop-v-1.3/white/product-details.html]
[codepeoples.com/tanimdesign.net/thsop-v-1.3/white/images/site/category.jpg]
[codepeoples.com/tanimdesign.net/thsop-v-1.3/white/images/site/casual.jpg]
[codepeoples.com/tanimdesign.net/thsop-v-1.3/white/images/site/shoe.jpg]
[codepeoples.com/tanimdesign.net/thsop-v-1.3/white/images/site/jewelry.jpg]
[codepeoples.com/tanimdesign.net/thsop-v-1.3/white/images/site/Male-Fragrances.jpg]
[codepeoples.com/tanimdesign.net/thsop-v-1.3/white/images/product/16.jpg]
[codepeoples.com/tanimdesign.net/thsop-v-1.3/white/images/product/19.jpg]
[codepeoples.com/tanimdesign.net/thsop-v-1.3/white/category.html]
[codepeoples.com/tanimdesign.net/thsop-v-1.3/white/images/slider/slider2.jpg]
[codepeoples.com/tanimdesign.net/thsop-v-1.3/white/index2.html]
[codepeoples.com/tanimdesign.net/thsop-v-1.3/white/images/slider/box/1.jpg]
[codepeoples.com/tanimdesign.net/thsop-v-1.3/white/images/slider/box/2a.jpg]
[codepeoples.com/tanimdesign.net/thsop-v-1.3/white/images/slider/box/2b.jpg]
[codepeoples.com/tanimdesign.net/thsop-v-1.3/white/images/slider/box/3.jpg]
[codepeoples.com/tanimdesign.net/thsop-v-1.3/white/images/slider/box/4a.jpg]
[codepeoples.com/tanimdesign.net/thsop-v-1.3/white/images/slider/box/4b.jpg]
[codepeoples.com/tanimdesign.net/thsop-v-1.3/white/images/slider/box/4c.jpg]
[codepeoples.com/tanimdesign.net/thsop-v-1.3/white/images/slider/box/4d.jpg]
[codepeoples.com/tanimdesign.net/thsop-v-1.3/white/images/slider/box/6.jpg]
[codepeoples.com/tanimdesign.net/thsop-v-1.3/white/images/slider/box/7b.jpg]
[codepeoples.com/tanimdesign.net/thsop-v-1.3/white/images/slider/box/7b1.jpg]
[codepeoples.com/tanimdesign.net/thsop-v-1.3/white/images/slider/box/7b2.jpg]
[codepeoples.com/tanimdesign.net/thsop-v-1.3/white/images/slider/box/5.jpg]
[codepeoples.com/tanimdesign.net/thsop-v-1.3/white/index3.html]
[codepeoples.com/tanimdesign.net/thsop-v-1.3/white/images/featured/1.jpg]
[codepeoples.com/tanimdesign.net/thsop-v-1.3/white/images/featured/2.jpg]
[codepeoples.com/tanimdesign.net/thsop-v-1.3/white/images/featured/3.jpg]
[codepeoples.com/tanimdesign.net/thsop-v-1.3/white/images/featured/4.jpg]
[codepeoples.com/tanimdesign.net/thsop-v-1.3/white/index4.html]
[codepeoples.com/tanimdesign.net/thsop-v-1.3/white/images/slider/single-img/1.jpg]
[codepeoples.com/tanimdesign.net/thsop-v-1.3/white/images/slider/single-img/2.jpg]
[codepeoples.com/tanimdesign.net/thsop-v-1.3/white/images/slider/single-img/3.jpg]
[codepeoples.com/tanimdesign.net/thsop-v-1.3/white/images/site/arrow-right.png]
[codepeoples.com/tanimdesign.net/thsop-v-1.3/white/images/site/arrow-left.png]
[codepeoples.com/tanimdesign.net/thsop-v-1.3/white/images/look3/2.jpg]
[codepeoples.com/tanimdesign.net/thsop-v-1.3/white/images/look3/1.jpg]
[codepeoples.com/tanimdesign.net/thsop-v-1.3/white/images/look3/3.jpg]
[codepeoples.com/tanimdesign.net/thsop-v-1.3/white/images/look3/4.jpg]
[codepeoples.com/tanimdesign.net/thsop-v-1.3/white/images/look3/5.jpg]
[codepeoples.com/tanimdesign.net/thsop-v-1.3/white/images/look3/6.jpg]
[codepeoples.com/tanimdesign.net/thsop-v-1.3/white/index5.html]
[codepeoples.com/tanimdesign.net/thsop-v-1.3/white/index-header2.html]
[codepeoples.com/tanimdesign.net/thsop-v-1.3/white/index-header3.html]
[codepeoples.com/tanimdesign.net/thsop-v-1.3/white/index-static-search.html]
[codepeoples.com/tanimdesign.net/thsop-v-1.3/white/images/site/subcategory.jpg]
[codepeoples.com/tanimdesign.net/thsop-v-1.3/white/sub-category.html]
[codepeoples.com/tanimdesign.net/thsop-v-1.3/white/category-list.html]
[codepeoples.com/tanimdesign.net/thsop-v-1.3/white/product-details-style2.html]
[codepeoples.com/tanimdesign.net/thsop-v-1.3/white/product-details-style3.html]
[codepeoples.com/tanimdesign.net/thsop-v-1.3/white/single-product-modal.html]
[codepeoples.com/tanimdesign.net/thsop-v-1.3/white/single-subscribe-modal.html]
[codepeoples.com/tanimdesign.net/thsop-v-1.3/white/cart.html]
[codepeoples.com/tanimdesign.net/thsop-v-1.3/white/images/site/girl1.jpg]
[codepeoples.com/tanimdesign.net/thsop-v-1.3/white/images/site/girl2.jpg]
[codepeoples.com/tanimdesign.net/thsop-v-1.3/white/images/site/girl3.jpg]
[codepeoples.com/tanimdesign.net/thsop-v-1.3/white/about-us.html]
[codepeoples.com/tanimdesign.net/thsop-v-1.3/white/about-us-2.html]
[codepeoples.com/tanimdesign.net/thsop-v-1.3/white/contact-us.html]
[codepeoples.com/tanimdesign.net/thsop-v-1.3/white/contact-us-2.html]
[codepeoples.com/tanimdesign.net/thsop-v-1.3/white/terms-conditions.html]
[codepeoples.com/tanimdesign.net/thsop-v-1.3/white/checkout-0.html]
[codepeoples.com/tanimdesign.net/thsop-v-1.3/white/checkout-1.html]
[codepeoples.com/tanimdesign.net/thsop-v-1.3/white/checkout-2.html]
[codepeoples.com/tanimdesign.net/thsop-v-1.3/white/checkout-3.html]
[codepeoples.com/tanimdesign.net/thsop-v-1.3/white/images/site/payment/paypal-small.png]
[codepeoples.com/tanimdesign.net/thsop-v-1.3/white/checkout-4.html]
[codepeoples.com/tanimdesign.net/thsop-v-1.3/white/checkout-5.html]
[codepeoples.com/tanimdesign.net/thsop-v-1.3/white/account.html]
[codepeoples.com/tanimdesign.net/thsop-v-1.3/white/my-address.html]
[codepeoples.com/tanimdesign.net/thsop-v-1.3/white/user-information.html]
[codepeoples.com/tanimdesign.net/thsop-v-1.3/white/images/product/11.jpg]
[codepeoples.com/tanimdesign.net/thsop-v-1.3/white/wishlist.html]
[codepeoples.com/tanimdesign.net/thsop-v-1.3/white/order-list.html]
[codepeoples.com/tanimdesign.net/thsop-v-1.3/white/error-page.html]
[codepeoples.com/tanimdesign.net/thsop-v-1.3/white/blank-page.html]
[codepeoples.com/tanimdesign.net/thsop-v-1.3/white/form.html]
[codepeoples.com/tanimdesign.net/thsop-v-1.3/white/assets/js/jquery/1.8.3/jquery.js]
[codepeoples.com/tanimdesign.net/thsop-v-1.3/white/assets/bootstrap/js/bootstrap.min.js]
[codepeoples.com/tanimdesign.net/thsop-v-1.3/white/assets/js/jquery.cycle2.min.js]
[codepeoples.com/tanimdesign.net/thsop-v-1.3/white/assets/js/jquery.easing.1.3.js]
[codepeoples.com/tanimdesign.net/thsop-v-1.3/white/assets/js/jquery.parallax-1.1.js]
[codepeoples.com/tanimdesign.net/thsop-v-1.3/white/assets/js/helper-plugins/jquery.mousewheel.min.js]
[codepeoples.com/tanimdesign.net/thsop-v-1.3/white/assets/js/jquery.mCustomScrollbar.js]
[codepeoples.com/tanimdesign.net/thsop-v-1.3/white/assets/js/ion-checkRadio/ion.checkRadio.min.js]
[codepeoples.com/tanimdesign.net/thsop-v-1.3/white/assets/js/grids.js]
[codepeoples.com/tanimdesign.net/thsop-v-1.3/white/assets/js/owl.carousel.min.js]
[codepeoples.com/tanimdesign.net/thsop-v-1.3/white/assets/js/jquery.minimalect.min.js]
[codepeoples.com/tanimdesign.net/thsop-v-1.3/white/assets/js/bootstrap.touchspin.js]
[codepeoples.com/tanimdesign.net/thsop-v-1.3/white/assets/js/home.js]
[codepeoples.com/tanimdesign.net/thsop-v-1.3/white/assets/js/script.js]
[codepeoples.com/tanimdesign.net/thsop-v-1.3/white/assets/bootstrap/fonts/glyphicons-halflings-regular.svg]
[codepeoples.com/tanimdesign.net/thsop-v-1.3/white/assets/fonts/fontawesome-webfont78ce.eot]
[codepeoples.com/tanimdesign.net/thsop-v-1.3/white/assets/fonts/fontawesome-webfontd41d.eot]
[codepeoples.com/tanimdesign.net/thsop-v-1.3/white/assets/fonts/fontawesome-webfont78ce.woff]
[codepeoples.com/tanimdesign.net/thsop-v-1.3/white/assets/fonts/fontawesome-webfont78ce.ttf]
[codepeoples.com/tanimdesign.net/thsop-v-1.3/white/assets/css/font-awesome.css]
[codepeoples.com/tanimdesign.net/thsop-v-1.3/white/assets/css/alpha.css]
[codepeoples.com/tanimdesign.net/thsop-v-1.3/white/assets/css/jquery.minimalect.min.css]
[codepeoples.com/tanimdesign.net/thsop-v-1.3/white/assets/css/smoothproducts.css]
[codepeoples.com/tanimdesign.net/thsop-v-1.3/white/assets/js/smoothproducts.min.js]
[codepeoples.com/tanimdesign.net/thsop-v-1.3/white/assets/js/jquery.validate.js]
[codepeoples.com/tanimdesign.net/thsop-v-1.3/white/san-remo-spaghetti.html]
[codepeoples.com/tanimdesign.net/thsop-v-1.3/white/assets/css/idangerous.swiper.css]
[codepeoples.com/tanimdesign.net/thsop-v-1.3/white/assets/js/jquery/jquery-1.10.1.min.js]
[codepeoples.com/tanimdesign.net/thsop-v-1.3/white/assets/js/idangerous.swiper-2.1.min.js]
[codepeoples.com/tanimdesign.net/thsop-v-1.3/white/assets/js/smoothproducts-thumb.js]
[codepeoples.com/tanimdesign.net/thsop-v-1.3/white/assets/js/product-details.html]
[codepeoples.com/tanimdesign.net/thsop-v-1.3/white/add-address.html]
[codepeoples.com/tanimdesign.net/thsop-v-1.3/white/assets/css/img/plus.png]
[codepeoples.com/tanimdesign.net/thsop-v-1.3/white/assets/css/img/minus.png]
[codepeoples.com/tanimdesign.net/thsop-v-1.3/white/assets/css/footable-0.1.css]
[codepeoples.com/tanimdesign.net/thsop-v-1.3/white/assets/css/img/sorting_sprite.png]
[codepeoples.com/tanimdesign.net/thsop-v-1.3/white/assets/css/footable.sortable-0.1.css]
[codepeoples.com/tanimdesign.net/thsop-v-1.3/white/assets/js/footable.js]
[codepeoples.com/tanimdesign.net/thsop-v-1.3/white/assets/js/footable.sortable.js]
[codepeoples.com/tanimdesign.net/thsop-v-1.3/white/Popover requires tooltip.html]
[codepeoples.com/tanimdesign.net/thsop-v-1.3/white/2W.h 1Z.html]
[codepeoples.com/tanimdesign.net/thsop-v-1.3/white/2P.h 3V.html]
[codepeoples.com/tanimdesign.net/thsop-v-1.3/white/2W.html]
[codepeoples.com/tanimdesign.net/thsop-v-1.3/white/2P.html]
[codepeoples.com/tanimdesign.net/thsop-v-1.3/white/1Z.html]
[codepeoples.com/tanimdesign.net/thsop-v-1.3/white/3V.html]
[codepeoples.com/tanimdesign.net/thsop-v-1.3/white/5A.html]
[codepeoples.com/tanimdesign.net/thsop-v-1.3/white/assets/fonts/fontawesome-webfont78ce.svg]
