[www.themeon.net/nifty/v2.2/widgets.html]
[backblue.gif]
[fade.gif]
[index.html]
[www.themeon.net/nifty/v2.2/plugins/pace/pace.min.js]
[www.themeon.net/nifty/v2.2/index.html]
[www.themeon.net/nifty/v2.2/img/logo.png]
[www.themeon.net/nifty/v2.2/img/av2.png]
[www.themeon.net/nifty/v2.2/img/av4.png]
[www.themeon.net/nifty/v2.2/img/av3.png]
[www.themeon.net/nifty/v2.2/img/av6.png]
[www.themeon.net/nifty/v2.2/img/flags/united-kingdom.png]
[www.themeon.net/nifty/v2.2/img/flags/france.png]
[www.themeon.net/nifty/v2.2/img/flags/germany.png]
[www.themeon.net/nifty/v2.2/img/flags/italy.png]
[www.themeon.net/nifty/v2.2/img/flags/spain.png]
[www.themeon.net/nifty/v2.2/img/av1.png]
[www.themeon.net/nifty/v2.2/pages-login.html]
[www.themeon.net/nifty/v2.2/img/thumbs/img3.jpg]
[www.themeon.net/nifty/v2.2/img/thumbs/img1.jpg]
[www.themeon.net/nifty/v2.2/img/av5.png]
[www.themeon.net/nifty/v2.2/layouts-collapsed-navigation.html]
[www.themeon.net/nifty/v2.2/layouts-offcanvas-navigation.html]
[www.themeon.net/nifty/v2.2/layouts-offcanvas-revealing-navigation.html]
[www.themeon.net/nifty/v2.2/layouts-aside-right-side.html]
[www.themeon.net/nifty/v2.2/layouts-offcanvas-slide-in-navigation.html]
[www.themeon.net/nifty/v2.2/layouts-aside-left-side.html]
[www.themeon.net/nifty/v2.2/layouts-aside-bright-theme.html]
[www.themeon.net/nifty/v2.2/layouts-fixed-navbar.html]
[www.themeon.net/nifty/v2.2/layouts-fixed-footer.html]
[www.themeon.net/nifty/v2.2/ui-buttons.html]
[www.themeon.net/nifty/v2.2/ui-panels.html]
[www.themeon.net/nifty/v2.2/ui-modals.html]
[www.themeon.net/nifty/v2.2/ui-checkboxes-radio.html]
[www.themeon.net/nifty/v2.2/ui-progress-bars.html]
[www.themeon.net/nifty/v2.2/ui-components.html]
[www.themeon.net/nifty/v2.2/ui-list-group.html]
[www.themeon.net/nifty/v2.2/ui-typography.html]
[www.themeon.net/nifty/v2.2/ui-tabs-accordions.html]
[www.themeon.net/nifty/v2.2/ui-helper-classes.html]
[www.themeon.net/nifty/v2.2/ui-alerts-tooltips.html]
[www.themeon.net/nifty/v2.2/forms-general.html]
[www.themeon.net/nifty/v2.2/forms-validation.html]
[www.themeon.net/nifty/v2.2/forms-components.html]
[www.themeon.net/nifty/v2.2/forms-wizard.html]
[www.themeon.net/nifty/v2.2/tables-bootstrap.html]
[www.themeon.net/nifty/v2.2/tables-static.html]
[www.themeon.net/nifty/v2.2/tables-datatable.html]
[www.themeon.net/nifty/v2.2/tables-footable.html]
[www.themeon.net/nifty/v2.2/charts.html]
[www.themeon.net/nifty/v2.2/misc-calendar.html]
[www.themeon.net/nifty/v2.2/misc-maps.html]
[www.themeon.net/nifty/v2.2/mailbox.html]
[www.themeon.net/nifty/v2.2/mailbox-message.html]
[www.themeon.net/nifty/v2.2/mailbox-compose.html]
[www.themeon.net/nifty/v2.2/pages-blank.html]
[www.themeon.net/nifty/v2.2/pages-profile.html]
[www.themeon.net/nifty/v2.2/pages-timeline.html]
[www.themeon.net/nifty/v2.2/pages-search-results.html]
[www.themeon.net/nifty/v2.2/pages-faq.html]
[www.themeon.net/nifty/v2.2/pages-404.html]
[www.themeon.net/nifty/v2.2/pages-500.html]
[www.themeon.net/nifty/v2.2/pages-register.html]
[www.themeon.net/nifty/v2.2/pages-password-reminder.html]
[www.themeon.net/nifty/v2.2/pages-lock-screen.html]
[www.themeon.net/nifty/v2.2/js/jquery-2.1.1.min.js]
[www.themeon.net/nifty/v2.2/js/bootstrap.min.js]
[www.themeon.net/nifty/v2.2/plugins/fast-click/fastclick.min.js]
[www.themeon.net/nifty/v2.2/js/nifty.min.js]
[www.themeon.net/nifty/v2.2/plugins/switchery/switchery.min.js]
[www.themeon.net/nifty/v2.2/plugins/bootstrap-select/bootstrap-select.min.js]
[www.themeon.net/nifty/v2.2/plugins/flot-charts/jquery.flot.min.js]
[www.themeon.net/nifty/v2.2/plugins/flot-charts/jquery.flot.resize.min.js]
[www.themeon.net/nifty/v2.2/plugins/gauge-js/gauge.min.js]
[www.themeon.net/nifty/v2.2/plugins/skycons/skycons.min.js]
[www.themeon.net/nifty/v2.2/plugins/easy-pie-chart/jquery.easypiechart.min.js]
[www.themeon.net/nifty/v2.2/js/demo/nifty-demo.min.js]
[www.themeon.net/nifty/v2.2/js/demo/widgets.js]
[www.themeon.net/nifty/v2.2/widgets.html]
[www.themeon.net/nifty/v2.2/css/bootstrap.min.css]
[www.themeon.net/nifty/v2.2/css/nifty.min.css]
[www.themeon.net/nifty/v2.2/plugins/font-awesome/fonts/fontawesome-webfonte0a5.eot]
[www.themeon.net/nifty/v2.2/plugins/font-awesome/fonts/fontawesome-webfontd41d.eot]
[www.themeon.net/nifty/v2.2/plugins/font-awesome/fonts/fontawesome-webfonte0a5.woff2]
[www.themeon.net/nifty/v2.2/plugins/font-awesome/fonts/fontawesome-webfonte0a5.woff]
[www.themeon.net/nifty/v2.2/plugins/font-awesome/fonts/fontawesome-webfonte0a5.ttf]
[www.themeon.net/nifty/v2.2/plugins/font-awesome/css/font-awesome.min.css]
[www.themeon.net/nifty/v2.2/plugins/switchery/switchery.min.css]
[www.themeon.net/nifty/v2.2/plugins/bootstrap-select/bootstrap-select.min.css]
[www.themeon.net/nifty/v2.2/img/bg-img/bg-img-2.jpg]
[www.themeon.net/nifty/v2.2/css/demo/nifty-demo.min.css]
[www.themeon.net/nifty/v2.2/plugins/pace/pace.min.css]
[www.themeon.net/nifty/v2.2/plugins/morris-js/morris.min.js]
[www.themeon.net/nifty/v2.2/plugins/morris-js/raphael-js/raphael.min.js]
[www.themeon.net/nifty/v2.2/plugins/sparkline/jquery.sparkline.min.js]
[www.themeon.net/nifty/v2.2/js/demo/dashboard.js]
[www.themeon.net/nifty/v2.2/index.html]
[www.themeon.net/nifty/v2.2/img/bg-img/thumbs/bg-trns.jpg]
[www.themeon.net/nifty/v2.2/img/bg-img/thumbs/bg-img-1.jpg]
[www.themeon.net/nifty/v2.2/img/bg-img/thumbs/bg-img-2.jpg]
[www.themeon.net/nifty/v2.2/img/bg-img/thumbs/bg-img-3.jpg]
[www.themeon.net/nifty/v2.2/img/bg-img/thumbs/bg-img-4.jpg]
[www.themeon.net/nifty/v2.2/img/bg-img/thumbs/bg-img-5.jpg]
[www.themeon.net/nifty/v2.2/img/bg-img/thumbs/bg-img-6.jpg]
[www.themeon.net/nifty/v2.2/img/bg-img/thumbs/bg-img-7.jpg]
[www.themeon.net/nifty/v2.2/js/demo/bg-images.js]
[www.themeon.net/nifty/v2.2/pages-login.html]
[www.themeon.net/nifty/v2.2/js/demo/layouts.js]
[www.themeon.net/nifty/v2.2/layouts-collapsed-navigation.html]
[www.themeon.net/nifty/v2.2/layouts-offcanvas-navigation.html]
[www.themeon.net/nifty/v2.2/layouts-offcanvas-slide-in-navigation.html]
[www.themeon.net/nifty/v2.2/layouts-offcanvas-revealing-navigation.html]
[www.themeon.net/nifty/v2.2/layouts-aside-right-side.html]
[www.themeon.net/nifty/v2.2/layouts-aside-left-side.html]
[www.themeon.net/nifty/v2.2/layouts-aside-bright-theme.html]
[www.themeon.net/nifty/v2.2/layouts-fixed-navbar.html]
[www.themeon.net/nifty/v2.2/layouts-fixed-footer.html]
[www.themeon.net/nifty/v2.2/js/demo/ui-buttons.js]
[www.themeon.net/nifty/v2.2/ui-buttons.html]
[www.themeon.net/nifty/v2.2/ui-checkboxes-radio.html]
[www.themeon.net/nifty/v2.2/js/demo/ui-panels.js]
[www.themeon.net/nifty/v2.2/ui-panels.html]
[www.themeon.net/nifty/v2.2/plugins/bootbox/bootbox.min.js]
[www.themeon.net/nifty/v2.2/js/demo/ui-modals.js]
[www.themeon.net/nifty/v2.2/ui-modals.html]
[www.themeon.net/nifty/v2.2/ui-progress-bars.html]
[www.themeon.net/nifty/v2.2/ui-components.html]
[www.themeon.net/nifty/v2.2/ui-typography.html]
[www.themeon.net/nifty/v2.2/ui-list-group.html]
[www.themeon.net/nifty/v2.2/ui-tabs-accordions.html]
[www.themeon.net/nifty/v2.2/js/demo/ui-alerts.js]
[www.themeon.net/nifty/v2.2/ui-alerts-tooltips.html]
[www.themeon.net/nifty/v2.2/ui-helper-classes.html]
[www.themeon.net/nifty/v2.2/forms-general.html]
[www.themeon.net/nifty/v2.2/plugins/bootstrap-tagsinput/bootstrap-tagsinput.min.js]
[www.themeon.net/nifty/v2.2/plugins/chosen/chosen.jquery.min.js]
[www.themeon.net/nifty/v2.2/plugins/noUiSlider/jquery.nouislider.all.min.js]
[www.themeon.net/nifty/v2.2/plugins/bootstrap-timepicker/bootstrap-timepicker.min.js]
[www.themeon.net/nifty/v2.2/plugins/bootstrap-datepicker/bootstrap-datepicker.js]
[www.themeon.net/nifty/v2.2/plugins/dropzone/dropzone.min.js]
[www.themeon.net/nifty/v2.2/plugins/summernote/summernote.min.js]
[www.themeon.net/nifty/v2.2/js/demo/form-component.js]
[www.themeon.net/nifty/v2.2/forms-components.html]
[www.themeon.net/nifty/v2.2/plugins/bootstrap-validator/bootstrapValidator.min.js]
[www.themeon.net/nifty/v2.2/plugins/masked-input/jquery.maskedinput.min.js]
[www.themeon.net/nifty/v2.2/js/demo/form-validation.js]
[www.themeon.net/nifty/v2.2/forms-validation.html]
[www.themeon.net/nifty/v2.2/plugins/bootstrap-wizard/jquery.bootstrap.wizard.min.js]
[www.themeon.net/nifty/v2.2/js/demo/form-wizard.js]
[www.themeon.net/nifty/v2.2/forms-wizard.html]
[www.themeon.net/nifty/v2.2/tables-static.html]
[www.themeon.net/nifty/v2.2/plugins/x-editable/js/bootstrap-editable.min.js]
[www.themeon.net/nifty/v2.2/plugins/bootstrap-table/bootstrap-table.min.js]
[www.themeon.net/nifty/v2.2/plugins/bootstrap-table/extensions/editable/bootstrap-table-editable.js]
[www.themeon.net/nifty/v2.2/js/demo/tables-bs-table.js]
[www.themeon.net/nifty/v2.2/tables-bootstrap.html]
[www.themeon.net/nifty/v2.2/plugins/datatables/media/js/jquery.dataTables.js]
[www.themeon.net/nifty/v2.2/plugins/datatables/media/js/dataTables.bootstrap.js]
[www.themeon.net/nifty/v2.2/plugins/datatables/extensions/Responsive/js/dataTables.responsive.min.js]
[www.themeon.net/nifty/v2.2/js/demo/tables-datatables.js]
[www.themeon.net/nifty/v2.2/tables-datatable.html]
[www.themeon.net/nifty/v2.2/plugins/fooTable/dist/footable.all.min.js]
[www.themeon.net/nifty/v2.2/js/demo/tables-footable.js]
[www.themeon.net/nifty/v2.2/tables-footable.html]
[www.themeon.net/nifty/v2.2/plugins/flot-charts/jquery.flot.pie.min.js]
[www.themeon.net/nifty/v2.2/js/demo/charts.js]
[www.themeon.net/nifty/v2.2/charts.html]
[www.themeon.net/nifty/v2.2/plugins/fullcalendar/lib/moment.min.js]
[www.themeon.net/nifty/v2.2/plugins/fullcalendar/lib/jquery-ui.custom.min.js]
[www.themeon.net/nifty/v2.2/plugins/fullcalendar/fullcalendar.min.js]
[www.themeon.net/nifty/v2.2/js/demo/misc-fullcalendar.js]
[www.themeon.net/nifty/v2.2/misc-calendar.html]
[www.themeon.net/nifty/v2.2/plugins/gmaps/gmaps.js]
[www.themeon.net/nifty/v2.2/js/demo/misc-gmaps.js]
[www.themeon.net/nifty/v2.2/misc-maps.html]
[www.themeon.net/nifty/v2.2/js/demo/mail.js]
[www.themeon.net/nifty/v2.2/mailbox.html]
[www.themeon.net/nifty/v2.2/mailbox-message.html]
[www.themeon.net/nifty/v2.2/mailbox-compose.html]
[www.themeon.net/nifty/v2.2/pages-blank.html]
[www.themeon.net/nifty/v2.2/img/thumbs/img2.jpg]
[www.themeon.net/nifty/v2.2/pages-profile.html]
[www.themeon.net/nifty/v2.2/pages-search-results.html]
[www.themeon.net/nifty/v2.2/pages-timeline.html]
[www.themeon.net/nifty/v2.2/pages-faq.html]
[www.themeon.net/nifty/v2.2/pages-404.html]
[www.themeon.net/nifty/v2.2/pages-500.html]
[www.themeon.net/nifty/v2.2/pages-register.html]
[www.themeon.net/nifty/v2.2/pages-password-reminder.html]
[www.themeon.net/nifty/v2.2/pages-lock-screen.html]
[www.themeon.net/nifty/v2.2/fonts/glyphicons-halflings-regular.html]
[www.themeon.net/nifty/v2.2/fonts/glyphicons-halflings-regulard41d.html]
[www.themeon.net/nifty/v2.2/fonts/glyphicons-halflings-regular-2.html]
[www.themeon.net/nifty/v2.2/fonts/glyphicons-halflings-regular-3.html]
[www.themeon.net/nifty/v2.2/fonts/glyphicons-halflings-regular-4.html]
[www.themeon.net/nifty/v2.2/fonts/glyphicons-halflings-regular-5.html]
[www.themeon.net/nifty/v2.2/plugins/font-awesome/fonts/fontawesome-webfonte0a5.svg]
[www.themeon.net/nifty/v2.2/plugins/animate-css/animate.min.css]
[www.themeon.net/nifty/v2.2/plugins/morris-js/morris.min.css]
[www.themeon.net/nifty/v2.2/plugins/bootstrap-tagsinput/bootstrap-tagsinput.css]
[www.themeon.net/nifty/v2.2/plugins/chosen/chosen.min.css]
[www.themeon.net/nifty/v2.2/plugins/noUiSlider/jquery.nouislider.min.css]
[www.themeon.net/nifty/v2.2/plugins/noUiSlider/jquery.nouislider.pips.min.css]
[www.themeon.net/nifty/v2.2/plugins/bootstrap-timepicker/bootstrap-timepicker.min.css]
[www.themeon.net/nifty/v2.2/plugins/bootstrap-datepicker/bootstrap-datepicker.css]
[www.themeon.net/nifty/v2.2/plugins/dropzone/dropzone.css]
[www.themeon.net/nifty/v2.2/plugins/summernote/summernote.min.css]
[www.themeon.net/nifty/v2.2/plugins/bootstrap-validator/bootstrapValidator.min.css]
[www.themeon.net/nifty/v2.2/plugins/bootstrap-table/bootstrap-table.min.css]
[www.themeon.net/nifty/v2.2/plugins/x-editable/img/loading.gif]
[www.themeon.net/nifty/v2.2/plugins/x-editable/img/clear.png]
[www.themeon.net/nifty/v2.2/plugins/x-editable/css/bootstrap-editable.css]
[www.themeon.net/nifty/v2.2/plugins/datatables/media/images/sort_both.png]
[www.themeon.net/nifty/v2.2/plugins/datatables/media/images/sort_asc.png]
[www.themeon.net/nifty/v2.2/plugins/datatables/media/images/sort_desc.png]
[www.themeon.net/nifty/v2.2/plugins/datatables/media/images/sort_asc_disabled.png]
[www.themeon.net/nifty/v2.2/plugins/datatables/media/images/sort_desc_disabled.png]
[www.themeon.net/nifty/v2.2/plugins/datatables/media/css/dataTables.bootstrap.css]
[www.themeon.net/nifty/v2.2/plugins/datatables/extensions/Responsive/css/dataTables.responsive.css]
[www.themeon.net/nifty/v2.2/plugins/fooTable/css/fonts/footable.eot]
[www.themeon.net/nifty/v2.2/plugins/fooTable/css/fonts/footabled41d.eot]
[www.themeon.net/nifty/v2.2/plugins/fooTable/css/fonts/footable.woff]
[www.themeon.net/nifty/v2.2/plugins/fooTable/css/fonts/footable.ttf]
[www.themeon.net/nifty/v2.2/plugins/fooTable/css/footable.core.css]
[www.themeon.net/nifty/v2.2/plugins/fullcalendar/fullcalendar.css]
[www.themeon.net/nifty/v2.2/plugins/chosen/chosen-sprite.html]
[www.themeon.net/nifty/v2.2/plugins/chosen/chosen-sprite@2x.html]
[www.themeon.net/nifty/v2.2/plugins/images/spritemap.html]
[www.themeon.net/nifty/v2.2/plugins/images/spritemap@2x.html]
[www.themeon.net/nifty/v2.2/plugins/fooTable/css/fonts/footable.svg]
